../Core/Src/main.c:122:5:main	8	static
../Core/Src/main.c:180:6:SystemClock_Config	120	static
../Core/Src/main.c:242:13:MX_ADC1_Init	48	static
../Core/Src/main.c:310:13:MX_DFSDM1_Init	8	static
../Core/Src/main.c:348:13:MX_ETH_Init	8	static
../Core/Src/main.c:397:13:MX_I2C1_Init	8	static
../Core/Src/main.c:445:13:MX_LTDC_Init	112	static
../Core/Src/main.c:527:13:MX_QUADSPI_Init	8	static
../Core/Src/main.c:561:13:MX_SAI1_Init	8	static
../Core/Src/main.c:642:13:MX_SDMMC1_SD_Init	8	static
../Core/Src/main.c:673:13:MX_USART1_UART_Init	8	static
../Core/Src/main.c:721:13:MX_USB_OTG_FS_PCD_Init	8	static
../Core/Src/main.c:757:13:MX_USB_OTG_HS_PCD_Init	8	static
../Core/Src/main.c:789:13:MX_FMC_Init	64	static
../Core/Src/main.c:911:13:MX_GPIO_Init	72	static
../Core/Src/main.c:994:6:Error_Handler	4	static,ignoring_inline_asm
