../Core/Src/main.c:122:5:main	8	static
../Core/Src/main.c:177:6:SystemClock_Config	120	static
../Core/Src/main.c:239:13:MX_ADC1_Init	48	static
../Core/Src/main.c:307:13:MX_DFSDM1_Init	8	static
../Core/Src/main.c:345:13:MX_ETH_Init	8	static
../Core/Src/main.c:394:13:MX_I2C1_Init	8	static
../Core/Src/main.c:442:13:MX_LTDC_Init	112	static
../Core/Src/main.c:524:13:MX_QUADSPI_Init	8	static
../Core/Src/main.c:558:13:MX_SAI1_Init	8	static
../Core/Src/main.c:639:13:MX_SDMMC1_SD_Init	8	static
../Core/Src/main.c:670:13:MX_USART1_UART_Init	8	static
../Core/Src/main.c:718:13:MX_USB_OTG_FS_PCD_Init	8	static
../Core/Src/main.c:754:13:MX_USB_OTG_HS_PCD_Init	8	static
../Core/Src/main.c:786:13:MX_FMC_Init	64	static
../Core/Src/main.c:908:13:MX_GPIO_Init	72	static
../Core/Src/main.c:991:6:Error_Handler	4	static,ignoring_inline_asm
